// Jest Snapshot v1, https://goo.gl/fbAQLP

exports[`EventForm component should match to generated snapshot 1`] = `[Function]`;
