// Jest Snapshot v1, https://goo.gl/fbAQLP

exports[`should match to the generated snapshot 1`] = `
<DocumentFragment>
  <h6
    class="MuiTypography-root MuiTypography-h6"
  >
    Brainhub recruitment task.
  </h6>
</DocumentFragment>
`;
